warning: Git tree '/home/freiza/trust/sixos' is dirty
trace: forall-hosts processing hosts: demo
trace: forall-hosts processing hosts: demo
evaluation warning: libredirect-0 was overridden with `version` but not `src` at /nix/store/h2bn031b0fj0ymv9v7bv5rcdjx58y2l9-source/pkgs/by-name/li/libredirect/package.nix:28:5.

                    This is most likely not what you want. In order to properly change the version of a package, override
                    both the `version` and `src` attributes:

                    hello.overrideAttrs (oldAttrs: rec {
                      version = "1.0.0";
                      src = pkgs.fetchurl {
                        url = "mirror://gnu/hello/hello-${version}.tar.gz";
                        hash = "...";
                      };
                    })

                    (To silence this warning, set `__intentionallyOverridingVersion = true` in your `overrideAttrs` call.)
c[?7l[2J[0mSeaBIOS (version rel-1.16.3-0-ga6ed6b701f0a-prebuilt.qemu.org)
Booting from ROM...
Probing EDD (edd=off to disable)... oc[?7l[2J[    0.000000] Linux version 6.6.41 (nixbld@localhost) (gcc (GCC) 14.3.0, GNU ld (GNU Binutils) 2.44) #1-NixOS SMP PREEMPT_DYNAMIC Thu Jul 18 11:21:27 UTC 2024
[    0.000000] Command line: console=ttyS0,115200n8 init=/nix/store/9f13c5353hrck2pmvs82m4hlii15vy1x-six-system-demo-unknown-nixpkgs-version/boot/init configuration=/nix/store/9f13c5353hrck2pmvs82m4hlii15vy1x-six-system-demo-unknown-nixpkgs-version
[    0.000000] BIOS-provided physical RAM map:
[    0.000000] BIOS-e820: [mem 0x0000000000000000-0x000000000009fbff] usable
[    0.000000] BIOS-e820: [mem 0x000000000009fc00-0x000000000009ffff] reserved
[    0.000000] BIOS-e820: [mem 0x00000000000f0000-0x00000000000fffff] reserved
[    0.000000] BIOS-e820: [mem 0x0000000000100000-0x000000001ffdffff] usable
[    0.000000] BIOS-e820: [mem 0x000000001ffe0000-0x000000001fffffff] reserved
[    0.000000] BIOS-e820: [mem 0x00000000feffc000-0x00000000feffffff] reserved
[    0.000000] BIOS-e820: [mem 0x00000000fffc0000-0x00000000ffffffff] reserved
[    0.000000] BIOS-e820: [mem 0x000000fd00000000-0x000000ffffffffff] reserved
[    0.000000] NX (Execute Disable) protection: active
[    0.000000] APIC: Static calls initialized
[    0.000000] SMBIOS 2.8 present.
[    0.000000] DMI: QEMU Standard PC (i440FX + PIIX, 1996), BIOS rel-1.16.3-0-ga6ed6b701f0a-prebuilt.qemu.org 04/01/2014
[    0.000000] Hypervisor detected: KVM
[    0.000000] kvm-clock: Using msrs 4b564d01 and 4b564d00
[    0.000000] kvm-clock: using sched offset of 690842128 cycles
[    0.000001] clocksource: kvm-clock: mask: 0xffffffffffffffff max_cycles: 0x1cd42e4dffb, max_idle_ns: 881590591483 ns
[    0.000002] tsc: Detected 3792.874 MHz processor
[    0.000336] last_pfn = 0x1ffe0 max_arch_pfn = 0x400000000
[    0.000365] MTRR map: 4 entries (3 fixed + 1 variable; max 19), built from 8 variable MTRRs
[    0.000367] x86/PAT: Configuration [0-7]: WB  WC  UC- UC  WB  WP  UC- WT  
[    0.002239] found SMP MP-table at [mem 0x000f5470-0x000f547f]
[    0.002251] Using GB pages for direct mapping
[    0.002339] RAMDISK: [mem 0x1fe7a000-0x1ffdffff]
[    0.002411] ACPI: Early table checksum verification disabled
[    0.002413] ACPI: RSDP 0x00000000000F5290 000014 (v00 BOCHS )
[    0.002416] ACPI: RSDT 0x000000001FFE2379 000034 (v01 BOCHS  BXPC     00000001 BXPC 00000001)
[    0.002423] ACPI: FACP 0x000000001FFE222D 000074 (v01 BOCHS  BXPC     00000001 BXPC 00000001)
[    0.002426] ACPI: DSDT 0x000000001FFE0040 0021ED (v01 BOCHS  BXPC     00000001 BXPC 00000001)
[    0.002428] ACPI: FACS 0x000000001FFE0000 000040
[    0.002430] ACPI: APIC 0x000000001FFE22A1 000078 (v03 BOCHS  BXPC     00000001 BXPC 00000001)
[    0.002432] ACPI: HPET 0x000000001FFE2319 000038 (v01 BOCHS  BXPC     00000001 BXPC 00000001)
[    0.002434] ACPI: WAET 0x000000001FFE2351 000028 (v01 BOCHS  BXPC     00000001 BXPC 00000001)
[    0.002436] ACPI: Reserving FACP table memory at [mem 0x1ffe222d-0x1ffe22a0]
[    0.002437] ACPI: Reserving DSDT table memory at [mem 0x1ffe0040-0x1ffe222c]
[    0.002437] ACPI: Reserving FACS table memory at [mem 0x1ffe0000-0x1ffe003f]
[    0.002438] ACPI: Reserving APIC table memory at [mem 0x1ffe22a1-0x1ffe2318]
[    0.002438] ACPI: Reserving HPET table memory at [mem 0x1ffe2319-0x1ffe2350]
[    0.002439] ACPI: Reserving WAET table memory at [mem 0x1ffe2351-0x1ffe2378]
[    0.002635] No NUMA configuration found
[    0.002636] Faking a node at [mem 0x0000000000000000-0x000000001ffdffff]
[    0.002638] NODE_DATA(0) allocated [mem 0x1fe74000-0x1fe79fff]
[    0.002650] Zone ranges:
[    0.002651]   DMA      [mem 0x0000000000001000-0x0000000000ffffff]
[    0.002652]   DMA32    [mem 0x0000000001000000-0x000000001ffdffff]
[    0.002653]   Normal   empty
[    0.002654]   Device   empty
[    0.002654] Movable zone start for each node
[    0.002655] Early memory node ranges
[    0.002655]   node   0: [mem 0x0000000000001000-0x000000000009efff]
[    0.002656]   node   0: [mem 0x0000000000100000-0x000000001ffdffff]
[    0.002657] Initmem setup node 0 [mem 0x0000000000001000-0x000000001ffdffff]
[    0.002840] On node 0, zone DMA: 1 pages in unavailable ranges
[    0.002852] On node 0, zone DMA: 97 pages in unavailable ranges
[    0.003658] On node 0, zone DMA32: 32 pages in unavailable ranges
[    0.003900] ACPI: PM-Timer IO Port: 0x608
[    0.003906] ACPI: LAPIC_NMI (acpi_id[0xff] dfl dfl lint[0x1])
[    0.003927] IOAPIC[0]: apic_id 0, version 17, address 0xfec00000, GSI 0-23
[    0.003929] ACPI: INT_SRC_OVR (bus 0 bus_irq 0 global_irq 2 dfl dfl)
[    0.003930] ACPI: INT_SRC_OVR (bus 0 bus_irq 5 global_irq 5 high level)
[    0.003931] ACPI: INT_SRC_OVR (bus 0 bus_irq 9 global_irq 9 high level)
[    0.003932] ACPI: INT_SRC_OVR (bus 0 bus_irq 10 global_irq 10 high level)
[    0.003933] ACPI: INT_SRC_OVR (bus 0 bus_irq 11 global_irq 11 high level)
[    0.003935] ACPI: Using ACPI (MADT) for SMP configuration information
[    0.003936] ACPI: HPET id: 0x8086a201 base: 0xfed00000
[    0.003937] TSC deadline timer available
[    0.003938] smpboot: Allowing 1 CPUs, 0 hotplug CPUs
[    0.003947] kvm-guest: APIC: eoi() replaced with kvm_guest_apic_eoi_write()
[    0.003963] PM: hibernation: Registered nosave memory: [mem 0x00000000-0x00000fff]
[    0.003965] PM: hibernation: Registered nosave memory: [mem 0x0009f000-0x0009ffff]
[    0.003965] PM: hibernation: Registered nosave memory: [mem 0x000a0000-0x000effff]
[    0.003966] PM: hibernation: Registered nosave memory: [mem 0x000f0000-0x000fffff]
[    0.003967] [mem 0x20000000-0xfeffbfff] available for PCI devices
[    0.003968] Booting paravirtualized kernel on KVM
[    0.003969] clocksource: refined-jiffies: mask: 0xffffffff max_cycles: 0xffffffff, max_idle_ns: 1910969940391419 ns
[    0.007966] setup_percpu: NR_CPUS:384 nr_cpumask_bits:1 nr_cpu_ids:1 nr_node_ids:1
[    0.008211] percpu: Embedded 84 pages/cpu s221184 r8192 d114688 u2097152
[    0.008245] kvm-guest: PV spinlocks disabled, single CPU
[    0.008247] Kernel command line: console=ttyS0,115200n8 init=/nix/store/9f13c5353hrck2pmvs82m4hlii15vy1x-six-system-demo-unknown-nixpkgs-version/boot/init configuration=/nix/store/9f13c5353hrck2pmvs82m4hlii15vy1x-six-system-demo-unknown-nixpkgs-version
[    0.008275] Unknown kernel command line parameters "configuration=/nix/store/9f13c5353hrck2pmvs82m4hlii15vy1x-six-system-demo-unknown-nixpkgs-version", will be passed to user space.
[    0.008294] random: crng init done
[    0.008311] Dentry cache hash table entries: 65536 (order: 7, 524288 bytes, linear)
[    0.008329] Inode-cache hash table entries: 32768 (order: 6, 262144 bytes, linear)
[    0.008346] Fallback order for Node 0: 0 
[    0.008348] Built 1 zonelists, mobility grouping on.  Total pages: 128736
[    0.008349] Policy zone: DMA32
[    0.008590] mem auto-init: stack:all(zero), heap alloc:on, heap free:off
[    0.009252] Memory: 470748K/523768K available (18432K kernel code, 2479K rwdata, 6772K rodata, 3312K init, 2980K bss, 52760K reserved, 0K cma-reserved)
[    0.009894] SLUB: HWalign=64, Order=0-3, MinObjects=0, CPUs=1, Nodes=1
[    0.009911] ftrace: allocating 45215 entries in 177 pages
[    0.016069] ftrace: allocated 177 pages with 4 groups
[    0.016630] Dynamic Preempt: voluntary
[    0.016844] rcu: Preemptible hierarchical RCU implementation.
[    0.016845] rcu: 	RCU event tracing is enabled.
[    0.016845] rcu: 	RCU restricting CPUs from NR_CPUS=384 to nr_cpu_ids=1.
[    0.016846] 	Trampoline variant of Tasks RCU enabled.
[    0.016846] 	Rude variant of Tasks RCU enabled.
[    0.016846] 	Tracing variant of Tasks RCU enabled.
[    0.016847] rcu: RCU calculated value of scheduler-enlistment delay is 100 jiffies.
[    0.016847] rcu: Adjusting geometry for rcu_fanout_leaf=16, nr_cpu_ids=1
[    0.019023] NR_IRQS: 24832, nr_irqs: 256, preallocated irqs: 16
[    0.019215] rcu: srcu_init: Setting srcu_struct sizes based on contention.
[    0.019295] kfence: initialized - using 2097152 bytes for 255 objects at 0x(____ptrval____)-0x(____ptrval____)
[    0.019379] Console: colour *CGA 80x25
[    0.019412] printk: console [ttyS0] enabled
[    0.107957] ACPI: Core revision 20230628
[    0.108577] clocksource: hpet: mask: 0xffffffff max_cycles: 0xffffffff, max_idle_ns: 19112604467 ns
[    0.109896] APIC: Switch to symmetric I/O mode setup
[    0.110695] x2apic enabled
[    0.111322] APIC: Switched APIC routing to: physical x2apic
[    0.112999] ..TIMER: vector=0x30 apic1=0 pin1=2 apic2=-1 pin2=-1
[    0.113777] clocksource: tsc-early: mask: 0xffffffffffffffff max_cycles: 0x6d5818a734c, max_idle_ns: 881590694765 ns
[    0.115198] Calibrating delay loop (skipped) preset value.. 7585.74 BogoMIPS (lpj=3792874)
[    0.116267] x86/cpu: User Mode Instruction Prevention (UMIP) activated
[    0.117268] Last level iTLB entries: 4KB 512, 2MB 255, 4MB 127
[    0.118019] Last level dTLB entries: 4KB 512, 2MB 255, 4MB 127, 1GB 0
[    0.118201] Spectre V1 : Mitigation: usercopy/swapgs barriers and __user pointer sanitization
[    0.119198] Spectre V2 : Mitigation: Retpolines
[    0.119780] Spectre V2 : Spectre v2 / SpectreRSB mitigation: Filling RSB on context switch
[    0.120197] Spectre V2 : Spectre v2 / SpectreRSB : Filling RSB on VMEXIT
[    0.121197] Spectre V2 : Enabling Speculation Barrier for firmware calls
[    0.122197] RETBleed: Mitigation: untrained return thunk
[    0.123198] Spectre V2 : mitigation: Enabling conditional Indirect Branch Prediction Barrier
[    0.124198] Speculative Store Bypass: Mitigation: Speculative Store Bypass disabled via prctl
[    0.125208] x86/fpu: Supporting XSAVE feature 0x001: 'x87 floating point registers'
[    0.126191] x86/fpu: Supporting XSAVE feature 0x002: 'SSE registers'
[    0.126197] x86/fpu: Supporting XSAVE feature 0x004: 'AVX registers'
[    0.126981] x86/fpu: xstate_offset[2]:  576, xstate_sizes[2]:  256
[    0.127197] x86/fpu: Enabled xstate features 0x7, context size is 832 bytes, using 'compacted' format.
[    0.144345] Freeing SMP alternatives memory: 40K
[    0.145198] pid_max: default: 32768 minimum: 301
[    0.146266] LSM: initializing lsm=capability,landlock,yama,selinux,bpf,integrity
[    0.147213] landlock: Up and running.
[    0.147679] Yama: becoming mindful.
[    0.148200] SELinux:  Initializing.
[    0.148659] LSM support for eBPF active
[    0.149214] Mount-cache hash table entries: 1024 (order: 1, 8192 bytes, linear)
[    0.150198] Mountpoint-cache hash table entries: 1024 (order: 1, 8192 bytes, linear)
[    0.151445] smpboot: CPU0: AMD Ryzen Threadripper 3960X 24-Core Processor (family: 0x17, model: 0x31, stepping: 0x0)
[    0.152304] RCU Tasks: Setting shift to 0 and lim to 1 rcu_task_cb_adjust=1.
[    0.153182] RCU Tasks Rude: Setting shift to 0 and lim to 1 rcu_task_cb_adjust=1.
[    0.153218] RCU Tasks Trace: Setting shift to 0 and lim to 1 rcu_task_cb_adjust=1.
[    0.154189] Performance Events: Fam17h+ core perfctr, AMD PMU driver.
[    0.155011] ... version:                0
[    0.155199] ... bit width:              48
[    0.155724] ... generic registers:      6
[    0.156200] ... value mask:             0000ffffffffffff
[    0.156887] ... max period:             00007fffffffffff
[    0.157200] ... fixed-purpose events:   0
[    0.157731] ... event mask:             000000000000003f
[    0.158251] signal: max sigframe size: 1776
[    0.158791] rcu: Hierarchical SRCU implementation.
[    0.159199] rcu: 	Max phase no-delay instances is 400.
[    0.161916] smp: Bringing up secondary CPUs ...
[    0.162208] smp: Brought up 1 node, 1 CPU
[    0.162821] smpboot: Max logical packages: 1
[    0.163201] smpboot: Total of 1 processors activated (7585.74 BogoMIPS)
[    0.164170] devtmpfs: initialized
[    0.164242] x86/mm: Memory block size: 128MB
[    0.164930] clocksource: jiffies: mask: 0xffffffff max_cycles: 0xffffffff, max_idle_ns: 1911260446275000 ns
[    0.165203] futex hash table entries: 256 (order: 2, 16384 bytes, linear)
[    0.166076] pinctrl core: initialized pinctrl subsystem
[    0.166320] PM: RTC time: 07:24:17, date: 2025-07-03
[    0.167383] NET: Registered PF_NETLINK/PF_ROUTE protocol family
[    0.168202] DMA: preallocated 128 KiB GFP_KERNEL pool for atomic allocations
[    0.169094] DMA: preallocated 128 KiB GFP_KERNEL|GFP_DMA pool for atomic allocations
[    0.169202] DMA: preallocated 128 KiB GFP_KERNEL|GFP_DMA32 pool for atomic allocations
[    0.170205] audit: initializing netlink subsys (disabled)
[    0.170894] audit: type=2000 audit(1751527458.771:1): state=initialized audit_enabled=0 res=1
[    0.171267] thermal_sys: Registered thermal governor 'bang_bang'
[    0.171268] thermal_sys: Registered thermal governor 'step_wise'
[    0.172111] thermal_sys: Registered thermal governor 'user_space'
[    0.172206] cpuidle: using governor menu
[    0.173645] acpiphp: ACPI Hot Plug PCI Controller Driver version: 0.5
[    0.174284] PCI: Using configuration type 1 for base access
[    0.174983] PCI: Using configuration type 1 for extended access
[    0.175289] kprobes: kprobe jump-optimization is enabled. All kprobes are optimized if possible.
[    0.195216] HugeTLB: registered 1.00 GiB page size, pre-allocated 0 pages
[    0.196097] HugeTLB: 16380 KiB vmemmap can be freed for a 1.00 GiB page
[    0.196199] HugeTLB: registered 2.00 MiB page size, pre-allocated 0 pages
[    0.197127] HugeTLB: 28 KiB vmemmap can be freed for a 2.00 MiB page
[    0.216198] raid6: avx2x4   gen() 38802 MB/s
[    0.233198] raid6: avx2x2   gen() 38903 MB/s
[    0.250198] raid6: avx2x1   gen() 32153 MB/s
[    0.250748] raid6: using algorithm avx2x2 gen() 38903 MB/s
[    0.268198] raid6: .... xor() 25092 MB/s, rmw enabled
[    0.268847] raid6: using avx2x2 recovery algorithm
[    0.271254] ACPI: Added _OSI(Module Device)
[    0.271783] ACPI: Added _OSI(Processor Device)
[    0.272199] ACPI: Added _OSI(3.0 _SCP Extensions)
[    0.272779] ACPI: Added _OSI(Processor Aggregator Device)
[    0.273987] ACPI: 1 ACPI AML tables successfully acquired and loaded
[    0.274870] ACPI: _OSC evaluation for CPUs failed, trying _PDC
[    0.275289] ACPI: Interpreter enabled
[    0.275768] ACPI: PM: (supports S0 S3 S4 S5)
[    0.276199] ACPI: Using IOAPIC for interrupt routing
[    0.276833] PCI: Using host bridge windows from ACPI; if necessary, use "pci=nocrs" and report a bug
[    0.277199] PCI: Using E820 reservations for host bridge windows
[    0.278015] ACPI: Enabled 2 GPEs in block 00 to 0F
[    0.279720] ACPI: PCI Root Bridge [PCI0] (domain 0000 [bus 00-ff])
[    0.280203] acpi PNP0A03:00: _OSC: OS supports [ExtendedConfig ASPM ClockPM Segments MSI HPX-Type3]
[    0.281320] acpiphp: Slot [2] registered
[    0.281824] acpiphp: Slot [3] registered
[    0.282213] acpiphp: Slot [4] registered
[    0.282714] acpiphp: Slot [5] registered
[    0.283212] acpiphp: Slot [6] registered
[    0.283711] acpiphp: Slot [7] registered
[    0.284215] acpiphp: Slot [8] registered
[    0.284724] acpiphp: Slot [9] registered
[    0.285215] acpiphp: Slot [10] registered
[    0.285741] acpiphp: Slot [11] registered
[    0.286213] acpiphp: Slot [12] registered
[    0.286734] acpiphp: Slot [13] registered
[    0.287212] acpiphp: Slot [14] registered
[    0.287762] acpiphp: Slot [15] registered
[    0.288212] acpiphp: Slot [16] registered
[    0.288767] acpiphp: Slot [17] registered
[    0.289212] acpiphp: Slot [18] registered
[    0.289735] acpiphp: Slot [19] registered
[    0.290212] acpiphp: Slot [20] registered
[    0.290729] acpiphp: Slot [21] registered
[    0.291212] acpiphp: Slot [22] registered
[    0.291782] acpiphp: Slot [23] registered
[    0.292213] acpiphp: Slot [24] registered
[    0.292728] acpiphp: Slot [25] registered
[    0.293212] acpiphp: Slot [26] registered
[    0.293797] acpiphp: Slot [27] registered
[    0.294221] acpiphp: Slot [28] registered
[    0.294725] acpiphp: Slot [29] registered
[    0.295212] acpiphp: Slot [30] registered
[    0.295715] acpiphp: Slot [31] registered
[    0.296207] PCI host bridge to bus 0000:00
[    0.296715] pci_bus 0000:00: root bus resource [io  0x0000-0x0cf7 window]
[    0.297199] pci_bus 0000:00: root bus resource [io  0x0d00-0xffff window]
[    0.298046] pci_bus 0000:00: root bus resource [mem 0x000a0000-0x000bffff window]
[    0.298199] pci_bus 0000:00: root bus resource [mem 0x20000000-0xfebfffff window]
[    0.299131] pci_bus 0000:00: root bus resource [mem 0x100000000-0x17fffffff window]
[    0.299199] pci_bus 0000:00: root bus resource [bus 00-ff]
[    0.299993] pci 0000:00:00.0: [8086:1237] type 00 class 0x060000
[    0.300509] pci 0000:00:01.0: [8086:7000] type 00 class 0x060100
[    0.301621] pci 0000:00:01.1: [8086:7010] type 00 class 0x010180
[    0.303992] pci 0000:00:01.1: reg 0x20: [io  0xc080-0xc08f]
[    0.305118] pci 0000:00:01.1: legacy IDE quirk: reg 0x10: [io  0x01f0-0x01f7]
[    0.305200] pci 0000:00:01.1: legacy IDE quirk: reg 0x14: [io  0x03f6]
[    0.306034] pci 0000:00:01.1: legacy IDE quirk: reg 0x18: [io  0x0170-0x0177]
[    0.306200] pci 0000:00:01.1: legacy IDE quirk: reg 0x1c: [io  0x0376]
[    0.307099] pci 0000:00:01.3: [8086:7113] type 00 class 0x068000
[    0.307519] pci 0000:00:01.3: quirk: [io  0x0600-0x063f] claimed by PIIX4 ACPI
[    0.308205] pci 0000:00:01.3: quirk: [io  0x0700-0x070f] claimed by PIIX4 SMB
[    0.309372] pci 0000:00:02.0: [1af4:1009] type 00 class 0x000200
[    0.310770] pci 0000:00:02.0: reg 0x10: [io  0xc000-0xc03f]
[    0.311922] pci 0000:00:02.0: reg 0x14: [mem 0xfebfe000-0xfebfefff]
[    0.314832] pci 0000:00:02.0: reg 0x20: [mem 0xfebf4000-0xfebf7fff 64bit pref]
[    0.316527] pci 0000:00:03.0: [1af4:1009] type 00 class 0x000200
[    0.317803] pci 0000:00:03.0: reg 0x10: [io  0xc040-0xc07f]
[    0.318750] pci 0000:00:03.0: reg 0x14: [mem 0xfebff000-0xfebfffff]
[    0.321199] pci 0000:00:03.0: reg 0x20: [mem 0xfebf8000-0xfebfbfff 64bit pref]
[    0.324483] ACPI: PCI: Interrupt link LNKA configured for IRQ 10
[    0.325294] ACPI: PCI: Interrupt link LNKB configured for IRQ 10
[    0.326127] ACPI: PCI: Interrupt link LNKC configured for IRQ 11
[    0.326281] ACPI: PCI: Interrupt link LNKD configured for IRQ 11
[    0.327099] ACPI: PCI: Interrupt link LNKS configured for IRQ 9
[    0.327363] iommu: Default domain type: Translated
[    0.327960] iommu: DMA domain TLB invalidation policy: lazy mode
[    0.328223] ACPI: bus type USB registered
[    0.328728] usbcore: registered new interface driver usbfs
[    0.329203] usbcore: registered new interface driver hub
[    0.329864] usbcore: registered new device driver usb
[    0.330391] NetLabel: Initializing
[    0.330812] NetLabel:  domain hash size = 128
[    0.331200] NetLabel:  protocols = UNLABELED CIPSOv4 CALIPSO
[    0.331923] NetLabel:  unlabeled traffic allowed by default
[    0.332199] PCI: Using ACPI for IRQ routing
[    0.332833] vgaarb: loaded
[    0.333210] hpet0: at MMIO 0xfed00000, IRQs 2, 8, 0
[    0.333826] hpet0: 3 comparators, 64-bit 100.000000 MHz counter
[    0.340218] clocksource: Switched to clocksource kvm-clock
[    0.341374] VFS: Disk quotas dquot_6.6.0
[    0.341876] VFS: Dquot-cache hash table entries: 512 (order 0, 4096 bytes)
[    0.342775] pnp: PnP ACPI init
[    0.343387] pnp: PnP ACPI: found 6 devices
[    0.349347] clocksource: acpi_pm: mask: 0xffffff max_cycles: 0xffffff, max_idle_ns: 2085701024 ns
[    0.350497] NET: Registered PF_INET protocol family
[    0.351120] IP idents hash table entries: 8192 (order: 4, 65536 bytes, linear)
[    0.352227] tcp_listen_portaddr_hash hash table entries: 256 (order: 0, 4096 bytes, linear)
[    0.353291] Table-perturb hash table entries: 65536 (order: 6, 262144 bytes, linear)
[    0.354253] TCP established hash table entries: 4096 (order: 3, 32768 bytes, linear)
[    0.355214] TCP bind hash table entries: 4096 (order: 5, 131072 bytes, linear)
[    0.356109] TCP: Hash tables configured (established 4096 bind 4096)
[    0.356926] MPTCP token hash table entries: 512 (order: 1, 12288 bytes, linear)
[    0.357864] UDP hash table entries: 256 (order: 1, 8192 bytes, linear)
[    0.358690] UDP-Lite hash table entries: 256 (order: 1, 8192 bytes, linear)
[    0.359625] NET: Registered PF_UNIX/PF_LOCAL protocol family
[    0.360357] NET: Registered PF_XDP protocol family
[    0.360953] pci_bus 0000:00: resource 4 [io  0x0000-0x0cf7 window]
[    0.361766] pci_bus 0000:00: resource 5 [io  0x0d00-0xffff window]
[    0.362578] pci_bus 0000:00: resource 6 [mem 0x000a0000-0x000bffff window]
[    0.363454] pci_bus 0000:00: resource 7 [mem 0x20000000-0xfebfffff window]
[    0.364336] pci_bus 0000:00: resource 8 [mem 0x100000000-0x17fffffff window]
[    0.365268] pci 0000:00:01.0: PIIX3: Enabling Passive Release
[    0.365987] pci 0000:00:00.0: Limiting direct PCI/PCI transfers
[    0.366850] PCI: CLS 0 bytes, default 64
[    0.367433] Trying to unpack rootfs image as initramfs...
[    0.370034] Freeing initrd memory: 1432K
[    0.370565] clocksource: tsc: mask: 0xffffffffffffffff max_cycles: 0x6d5818a734c, max_idle_ns: 881590694765 ns
[    0.372031] Initialise system trusted keyrings
[    0.372625] workingset: timestamp_bits=40 max_order=17 bucket_order=0
[    0.373451] zbud: loaded
[    0.379472] xor: automatically using best checksumming function   avx       
[    0.380405] Key type asymmetric registered
[    0.381034] Asymmetric key parser 'x509' registered
[    0.381703] Block layer SCSI generic (bsg) driver version 0.4 loaded (major 251)
[    0.382686] io scheduler mq-deadline registered
[    0.383280] io scheduler kyber registered
[    0.383920] Serial: 8250/16550 driver, 4 ports, IRQ sharing enabled
[    0.384837] 00:04: ttyS0 at I/O 0x3f8 (irq = 4, base_baud = 115200) is a 16550A
[    0.386046] Linux agpgart interface v0.103
[    0.386576] ACPI: bus type drm_connector registered
[    0.387581] usbcore: registered new interface driver usbserial_generic
[    0.388459] usbserial: USB Serial support registered for generic
[    0.389227] amd_pstate: the _CPC object is not present in SBIOS or ACPI disabled
[    0.390171] drop_monitor: Initializing network drop monitor service
[    0.391113] IPI shorthand broadcast: enabled
[    0.392708] sched_clock: Marking stable (301002239, 90974392)->(426725971, -34749340)
[    0.393761] registered taskstats version 1
[    0.394345] Loading compiled-in X.509 certificates
[    0.397079] Key type .fscrypt registered
[    0.397605] Key type fscrypt-provisioning registered
[    0.398956] Btrfs loaded, zoned=yes, fsverity=no
[    0.399631] PM:   Magic number: 1:346:419
[    0.400352] hid_bpf: error while preloading HID BPF dispatcher: -22
[    0.400358] RAS: Correctable Errors collector initialized.
[    0.401851] clk: Disabling unused clocks
[    0.402851] VFS: Cannot open root device "" or unknown-block(0,0): error -6
[    0.403544] Please append a correct "root=" boot option; here are the available partitions:
[    0.404352] List of all bdev filesystems:
[    0.404736]  btrfs
[    0.404736] 
[    0.405091] Kernel panic - not syncing: VFS: Unable to mount root fs on unknown-block(0,0)
[    0.405888] CPU: 0 PID: 1 Comm: swapper/0 Not tainted 6.6.41 #1-NixOS
[    0.406518] Hardware name: QEMU Standard PC (i440FX + PIIX, 1996), BIOS rel-1.16.3-0-ga6ed6b701f0a-prebuilt.qemu.org 04/01/2014
[    0.407622] Call Trace:
[    0.407874]  <TASK>
[    0.408083]  dump_stack_lvl+0x52/0x80
[    0.408460]  panic+0x185/0x340
[    0.408765]  mount_root_generic+0x1a7/0x310
[    0.409183]  prepare_namespace+0x68/0x280
[    0.409566]  kernel_init_freeable+0x2e7/0x340
[    0.409991]  ? __pfx_ignore_unknown_bootoption+0x10/0x10
[    0.410517]  ? __pfx_kernel_init+0x10/0x10
[    0.410916]  kernel_init+0x1e/0x1e0
[    0.411270]  ret_from_fork+0x4e/0x60
[    0.411616]  ? __pfx_kernel_init+0x10/0x10
[    0.412016]  ret_from_fork_asm+0x1b/0x30
[    0.412416]  </TASK>
[    0.412664] Kernel Offset: 0x37e00000 from 0xffffffff81000000 (relocation range: 0xffffffff80000000-0xffffffffbfffffff)
[    0.413706] ---[ end Kernel panic - not syncing: VFS: Unable to mount root fs on unknown-block(0,0) ]---
qemu-system-x86_64: terminating on signal 15 from pid 627693 (timeout)
