path '/home/freiza/trust/sixos/sixos' does not contain a 'flake.nix', searching up
warning: Git tree '/home/freiza/trust/sixos' is dirty
trace: forall-hosts processing hosts: demo
trace: forall-hosts processing hosts: demo
evaluation warning: libredirect-0 was overridden with `version` but not `src` at /nix/store/h2bn031b0fj0ymv9v7bv5rcdjx58y2l9-source/pkgs/by-name/li/libredirect/package.nix:28:5.

                    This is most likely not what you want. In order to properly change the version of a package, override
                    both the `version` and `src` attributes:

                    hello.overrideAttrs (oldAttrs: rec {
                      version = "1.0.0";
                      src = pkgs.fetchurl {
                        url = "mirror://gnu/hello/hello-${version}.tar.gz";
                        hash = "...";
                      };
                    })

                    (To silence this warning, set `__intentionallyOverridingVersion = true` in your `overrideAttrs` call.)
c[?7l[2J[0mSeaBIOS (version rel-1.16.3-0-ga6ed6b701f0a-prebuilt.qemu.org)
Booting from ROM...
Probing EDD (edd=off to disable)... oc[?7l[2J[    0.000000] Linux version 6.6.41 (nixbld@localhost) (gcc (GCC) 14.3.0, GNU ld (GNU Binutils) 2.44) #1-NixOS SMP PREEMPT_DYNAMIC Thu Jul 18 11:21:27 UTC 2024
[    0.000000] Command line: ro console=ttyS0,115200n8 init=/nix/store/hrbgwx0zp12lfdj6m4hgj1r7j45l7s2j-six-system-demo-unknown-nixpkgs-version/boot/init configuration=/nix/store/hrbgwx0zp12lfdj6m4hgj1r7j45l7s2j-six-system-demo-unknown-nixpkgs-version
[    0.000000] BIOS-provided physical RAM map:
[    0.000000] BIOS-e820: [mem 0x0000000000000000-0x000000000009fbff] usable
[    0.000000] BIOS-e820: [mem 0x000000000009fc00-0x000000000009ffff] reserved
[    0.000000] BIOS-e820: [mem 0x00000000000f0000-0x00000000000fffff] reserved
[    0.000000] BIOS-e820: [mem 0x0000000000100000-0x000000001ffdffff] usable
[    0.000000] BIOS-e820: [mem 0x000000001ffe0000-0x000000001fffffff] reserved
[    0.000000] BIOS-e820: [mem 0x00000000feffc000-0x00000000feffffff] reserved
[    0.000000] BIOS-e820: [mem 0x00000000fffc0000-0x00000000ffffffff] reserved
[    0.000000] BIOS-e820: [mem 0x000000fd00000000-0x000000ffffffffff] reserved
[    0.000000] NX (Execute Disable) protection: active
[    0.000000] APIC: Static calls initialized
[    0.000000] SMBIOS 2.8 present.
[    0.000000] DMI: QEMU Standard PC (i440FX + PIIX, 1996), BIOS rel-1.16.3-0-ga6ed6b701f0a-prebuilt.qemu.org 04/01/2014
[    0.000000] Hypervisor detected: KVM
[    0.000000] kvm-clock: Using msrs 4b564d01 and 4b564d00
[    0.000000] kvm-clock: using sched offset of 687375899 cycles
[    0.000001] clocksource: kvm-clock: mask: 0xffffffffffffffff max_cycles: 0x1cd42e4dffb, max_idle_ns: 881590591483 ns
[    0.000002] tsc: Detected 3792.874 MHz processor
[    0.000357] last_pfn = 0x1ffe0 max_arch_pfn = 0x400000000
[    0.000386] MTRR map: 4 entries (3 fixed + 1 variable; max 19), built from 8 variable MTRRs
[    0.000388] x86/PAT: Configuration [0-7]: WB  WC  UC- UC  WB  WP  UC- WT  
[    0.002268] found SMP MP-table at [mem 0x000f5470-0x000f547f]
[    0.002281] Using GB pages for direct mapping
[    0.002367] RAMDISK: [mem 0x1fe7a000-0x1ffdffff]
[    0.002439] ACPI: Early table checksum verification disabled
[    0.002441] ACPI: RSDP 0x00000000000F5290 000014 (v00 BOCHS )
[    0.002444] ACPI: RSDT 0x000000001FFE2379 000034 (v01 BOCHS  BXPC     00000001 BXPC 00000001)
[    0.002448] ACPI: FACP 0x000000001FFE222D 000074 (v01 BOCHS  BXPC     00000001 BXPC 00000001)
[    0.002452] ACPI: DSDT 0x000000001FFE0040 0021ED (v01 BOCHS  BXPC     00000001 BXPC 00000001)
[    0.002454] ACPI: FACS 0x000000001FFE0000 000040
[    0.002456] ACPI: APIC 0x000000001FFE22A1 000078 (v03 BOCHS  BXPC     00000001 BXPC 00000001)
[    0.002458] ACPI: HPET 0x000000001FFE2319 000038 (v01 BOCHS  BXPC     00000001 BXPC 00000001)
[    0.002460] ACPI: WAET 0x000000001FFE2351 000028 (v01 BOCHS  BXPC     00000001 BXPC 00000001)
[    0.002461] ACPI: Reserving FACP table memory at [mem 0x1ffe222d-0x1ffe22a0]
[    0.002462] ACPI: Reserving DSDT table memory at [mem 0x1ffe0040-0x1ffe222c]
[    0.002463] ACPI: Reserving FACS table memory at [mem 0x1ffe0000-0x1ffe003f]
[    0.002464] ACPI: Reserving APIC table memory at [mem 0x1ffe22a1-0x1ffe2318]
[    0.002464] ACPI: Reserving HPET table memory at [mem 0x1ffe2319-0x1ffe2350]
[    0.002465] ACPI: Reserving WAET table memory at [mem 0x1ffe2351-0x1ffe2378]
[    0.002662] No NUMA configuration found
[    0.002663] Faking a node at [mem 0x0000000000000000-0x000000001ffdffff]
[    0.002665] NODE_DATA(0) allocated [mem 0x1fe74000-0x1fe79fff]
[    0.002678] Zone ranges:
[    0.002678]   DMA      [mem 0x0000000000001000-0x0000000000ffffff]
[    0.002679]   DMA32    [mem 0x0000000001000000-0x000000001ffdffff]
[    0.002680]   Normal   empty
[    0.002681]   Device   empty
[    0.002682] Movable zone start for each node
[    0.002682] Early memory node ranges
[    0.002683]   node   0: [mem 0x0000000000001000-0x000000000009efff]
[    0.002684]   node   0: [mem 0x0000000000100000-0x000000001ffdffff]
[    0.002684] Initmem setup node 0 [mem 0x0000000000001000-0x000000001ffdffff]
[    0.002866] On node 0, zone DMA: 1 pages in unavailable ranges
[    0.002877] On node 0, zone DMA: 97 pages in unavailable ranges
[    0.003682] On node 0, zone DMA32: 32 pages in unavailable ranges
[    0.003926] ACPI: PM-Timer IO Port: 0x608
[    0.003932] ACPI: LAPIC_NMI (acpi_id[0xff] dfl dfl lint[0x1])
[    0.003952] IOAPIC[0]: apic_id 0, version 17, address 0xfec00000, GSI 0-23
[    0.003954] ACPI: INT_SRC_OVR (bus 0 bus_irq 0 global_irq 2 dfl dfl)
[    0.003955] ACPI: INT_SRC_OVR (bus 0 bus_irq 5 global_irq 5 high level)
[    0.003956] ACPI: INT_SRC_OVR (bus 0 bus_irq 9 global_irq 9 high level)
[    0.003957] ACPI: INT_SRC_OVR (bus 0 bus_irq 10 global_irq 10 high level)
[    0.003958] ACPI: INT_SRC_OVR (bus 0 bus_irq 11 global_irq 11 high level)
[    0.003960] ACPI: Using ACPI (MADT) for SMP configuration information
[    0.003961] ACPI: HPET id: 0x8086a201 base: 0xfed00000
[    0.003963] TSC deadline timer available
[    0.003963] smpboot: Allowing 1 CPUs, 0 hotplug CPUs
[    0.003973] kvm-guest: APIC: eoi() replaced with kvm_guest_apic_eoi_write()
[    0.003990] PM: hibernation: Registered nosave memory: [mem 0x00000000-0x00000fff]
[    0.003991] PM: hibernation: Registered nosave memory: [mem 0x0009f000-0x0009ffff]
[    0.003991] PM: hibernation: Registered nosave memory: [mem 0x000a0000-0x000effff]
[    0.003992] PM: hibernation: Registered nosave memory: [mem 0x000f0000-0x000fffff]
[    0.003993] [mem 0x20000000-0xfeffbfff] available for PCI devices
[    0.003994] Booting paravirtualized kernel on KVM
[    0.003995] clocksource: refined-jiffies: mask: 0xffffffff max_cycles: 0xffffffff, max_idle_ns: 1910969940391419 ns
[    0.007977] setup_percpu: NR_CPUS:384 nr_cpumask_bits:1 nr_cpu_ids:1 nr_node_ids:1
[    0.008226] percpu: Embedded 84 pages/cpu s221184 r8192 d114688 u2097152
[    0.008256] kvm-guest: PV spinlocks disabled, single CPU
[    0.008257] Kernel command line: ro console=ttyS0,115200n8 init=/nix/store/hrbgwx0zp12lfdj6m4hgj1r7j45l7s2j-six-system-demo-unknown-nixpkgs-version/boot/init configuration=/nix/store/hrbgwx0zp12lfdj6m4hgj1r7j45l7s2j-six-system-demo-unknown-nixpkgs-version
[    0.008286] Unknown kernel command line parameters "configuration=/nix/store/hrbgwx0zp12lfdj6m4hgj1r7j45l7s2j-six-system-demo-unknown-nixpkgs-version", will be passed to user space.
[    0.008305] random: crng init done
[    0.008322] Dentry cache hash table entries: 65536 (order: 7, 524288 bytes, linear)
[    0.008341] Inode-cache hash table entries: 32768 (order: 6, 262144 bytes, linear)
[    0.008357] Fallback order for Node 0: 0 
[    0.008359] Built 1 zonelists, mobility grouping on.  Total pages: 128736
[    0.008360] Policy zone: DMA32
[    0.008598] mem auto-init: stack:all(zero), heap alloc:on, heap free:off
[    0.009252] Memory: 470748K/523768K available (18432K kernel code, 2479K rwdata, 6772K rodata, 3312K init, 2980K bss, 52760K reserved, 0K cma-reserved)
[    0.009889] SLUB: HWalign=64, Order=0-3, MinObjects=0, CPUs=1, Nodes=1
[    0.009907] ftrace: allocating 45215 entries in 177 pages
[    0.016099] ftrace: allocated 177 pages with 4 groups
[    0.016661] Dynamic Preempt: voluntary
[    0.016868] rcu: Preemptible hierarchical RCU implementation.
[    0.016868] rcu: 	RCU event tracing is enabled.
[    0.016869] rcu: 	RCU restricting CPUs from NR_CPUS=384 to nr_cpu_ids=1.
[    0.016869] 	Trampoline variant of Tasks RCU enabled.
[    0.016870] 	Rude variant of Tasks RCU enabled.
[    0.016870] 	Tracing variant of Tasks RCU enabled.
[    0.016870] rcu: RCU calculated value of scheduler-enlistment delay is 100 jiffies.
[    0.016871] rcu: Adjusting geometry for rcu_fanout_leaf=16, nr_cpu_ids=1
[    0.019033] NR_IRQS: 24832, nr_irqs: 256, preallocated irqs: 16
[    0.019228] rcu: srcu_init: Setting srcu_struct sizes based on contention.
[    0.019309] kfence: initialized - using 2097152 bytes for 255 objects at 0x(____ptrval____)-0x(____ptrval____)
[    0.019399] Console: colour *CGA 80x25
[    0.019431] printk: console [ttyS0] enabled
[    0.096940] ACPI: Core revision 20230628
[    0.097488] clocksource: hpet: mask: 0xffffffff max_cycles: 0xffffffff, max_idle_ns: 19112604467 ns
[    0.098662] APIC: Switch to symmetric I/O mode setup
[    0.099386] x2apic enabled
[    0.099972] APIC: Switched APIC routing to: physical x2apic
[    0.101539] ..TIMER: vector=0x30 apic1=0 pin1=2 apic2=-1 pin2=-1
[    0.102329] clocksource: tsc-early: mask: 0xffffffffffffffff max_cycles: 0x6d5818a734c, max_idle_ns: 881590694765 ns
[    0.103516] Calibrating delay loop (skipped) preset value.. 7585.74 BogoMIPS (lpj=3792874)
[    0.104586] x86/cpu: User Mode Instruction Prevention (UMIP) activated
[    0.105590] Last level iTLB entries: 4KB 512, 2MB 255, 4MB 127
[    0.106515] Last level dTLB entries: 4KB 512, 2MB 255, 4MB 127, 1GB 0
[    0.107519] Spectre V1 : Mitigation: usercopy/swapgs barriers and __user pointer sanitization
[    0.108516] Spectre V2 : Mitigation: Retpolines
[    0.109009] Spectre V2 : Spectre v2 / SpectreRSB mitigation: Filling RSB on context switch
[    0.109515] Spectre V2 : Spectre v2 / SpectreRSB : Filling RSB on VMEXIT
[    0.110515] Spectre V2 : Enabling Speculation Barrier for firmware calls
[    0.111515] RETBleed: Mitigation: untrained return thunk
[    0.112093] Spectre V2 : mitigation: Enabling conditional Indirect Branch Prediction Barrier
[    0.112516] Speculative Store Bypass: Mitigation: Speculative Store Bypass disabled via prctl
[    0.113526] x86/fpu: Supporting XSAVE feature 0x001: 'x87 floating point registers'
[    0.114515] x86/fpu: Supporting XSAVE feature 0x002: 'SSE registers'
[    0.115232] x86/fpu: Supporting XSAVE feature 0x004: 'AVX registers'
[    0.116516] x86/fpu: xstate_offset[2]:  576, xstate_sizes[2]:  256
[    0.117263] x86/fpu: Enabled xstate features 0x7, context size is 832 bytes, using 'compacted' format.
[    0.133778] Freeing SMP alternatives memory: 40K
[    0.134346] pid_max: default: 32768 minimum: 301
[    0.134552] LSM: initializing lsm=capability,landlock,yama,selinux,bpf,integrity
[    0.135529] landlock: Up and running.
[    0.135975] Yama: becoming mindful.
[    0.136518] SELinux:  Initializing.
[    0.136965] LSM support for eBPF active
[    0.137534] Mount-cache hash table entries: 1024 (order: 1, 8192 bytes, linear)
[    0.138516] Mountpoint-cache hash table entries: 1024 (order: 1, 8192 bytes, linear)
[    0.139736] smpboot: CPU0: AMD Ryzen Threadripper 3960X 24-Core Processor (family: 0x17, model: 0x31, stepping: 0x0)
[    0.140618] RCU Tasks: Setting shift to 0 and lim to 1 rcu_task_cb_adjust=1.
[    0.141517] RCU Tasks Rude: Setting shift to 0 and lim to 1 rcu_task_cb_adjust=1.
[    0.142458] RCU Tasks Trace: Setting shift to 0 and lim to 1 rcu_task_cb_adjust=1.
[    0.142532] Performance Events: Fam17h+ core perfctr, AMD PMU driver.
[    0.143342] ... version:                0
[    0.143518] ... bit width:              48
[    0.144046] ... generic registers:      6
[    0.144518] ... value mask:             0000ffffffffffff
[    0.145186] ... max period:             00007fffffffffff
[    0.145518] ... fixed-purpose events:   0
[    0.146010] ... event mask:             000000000000003f
[    0.146577] signal: max sigframe size: 1776
[    0.147111] rcu: Hierarchical SRCU implementation.
[    0.147518] rcu: 	Max phase no-delay instances is 400.
[    0.149842] smp: Bringing up secondary CPUs ...
[    0.150421] smp: Brought up 1 node, 1 CPU
[    0.150519] smpboot: Max logical packages: 1
[    0.151049] smpboot: Total of 1 processors activated (7585.74 BogoMIPS)
[    0.151651] devtmpfs: initialized
[    0.152104] x86/mm: Memory block size: 128MB
[    0.152674] clocksource: jiffies: mask: 0xffffffff max_cycles: 0xffffffff, max_idle_ns: 1911260446275000 ns
[    0.153522] futex hash table entries: 256 (order: 2, 16384 bytes, linear)
[    0.154414] pinctrl core: initialized pinctrl subsystem
[    0.154639] PM: RTC time: 16:05:40, date: 2025-07-02
[    0.155712] NET: Registered PF_NETLINK/PF_ROUTE protocol family
[    0.156573] DMA: preallocated 128 KiB GFP_KERNEL pool for atomic allocations
[    0.157481] DMA: preallocated 128 KiB GFP_KERNEL|GFP_DMA pool for atomic allocations
[    0.157521] DMA: preallocated 128 KiB GFP_KERNEL|GFP_DMA32 pool for atomic allocations
[    0.158513] audit: initializing netlink subsys (disabled)
[    0.159214] audit: type=2000 audit(1751472341.324:1): state=initialized audit_enabled=0 res=1
[    0.159584] thermal_sys: Registered thermal governor 'bang_bang'
[    0.159585] thermal_sys: Registered thermal governor 'step_wise'
[    0.160349] thermal_sys: Registered thermal governor 'user_space'
[    0.160525] cpuidle: using governor menu
[    0.161951] acpiphp: ACPI Hot Plug PCI Controller Driver version: 0.5
[    0.162612] PCI: Using configuration type 1 for base access
[    0.163293] PCI: Using configuration type 1 for extended access
[    0.163610] kprobes: kprobe jump-optimization is enabled. All kprobes are optimized if possible.
[    0.183530] HugeTLB: registered 1.00 GiB page size, pre-allocated 0 pages
[    0.184363] HugeTLB: 16380 KiB vmemmap can be freed for a 1.00 GiB page
[    0.184518] HugeTLB: registered 2.00 MiB page size, pre-allocated 0 pages
[    0.185378] HugeTLB: 28 KiB vmemmap can be freed for a 2.00 MiB page
[    0.204517] raid6: avx2x4   gen() 38825 MB/s
[    0.221517] raid6: avx2x2   gen() 39137 MB/s
[    0.238516] raid6: avx2x1   gen() 32242 MB/s
[    0.239062] raid6: using algorithm avx2x2 gen() 39137 MB/s
[    0.256517] raid6: .... xor() 25001 MB/s, rmw enabled
[    0.257074] raid6: using avx2x2 recovery algorithm
[    0.259710] ACPI: Added _OSI(Module Device)
[    0.260237] ACPI: Added _OSI(Processor Device)
[    0.260518] ACPI: Added _OSI(3.0 _SCP Extensions)
[    0.261118] ACPI: Added _OSI(Processor Aggregator Device)
[    0.262303] ACPI: 1 ACPI AML tables successfully acquired and loaded
[    0.263228] ACPI: _OSC evaluation for CPUs failed, trying _PDC
[    0.263604] ACPI: Interpreter enabled
[    0.264102] ACPI: PM: (supports S0 S3 S4 S5)
[    0.264519] ACPI: Using IOAPIC for interrupt routing
[    0.265156] PCI: Using host bridge windows from ACPI; if necessary, use "pci=nocrs" and report a bug
[    0.265518] PCI: Using E820 reservations for host bridge windows
[    0.266339] ACPI: Enabled 2 GPEs in block 00 to 0F
[    0.268075] ACPI: PCI Root Bridge [PCI0] (domain 0000 [bus 00-ff])
[    0.268522] acpi PNP0A03:00: _OSC: OS supports [ExtendedConfig ASPM ClockPM Segments MSI HPX-Type3]
[    0.269651] acpiphp: Slot [2] registered
[    0.270161] acpiphp: Slot [3] registered
[    0.270533] acpiphp: Slot [4] registered
[    0.271037] acpiphp: Slot [5] registered
[    0.271532] acpiphp: Slot [6] registered
[    0.272038] acpiphp: Slot [7] registered
[    0.272533] acpiphp: Slot [8] registered
[    0.273032] acpiphp: Slot [9] registered
[    0.273534] acpiphp: Slot [10] registered
[    0.274059] acpiphp: Slot [11] registered
[    0.274532] acpiphp: Slot [12] registered
[    0.275064] acpiphp: Slot [13] registered
[    0.275548] acpiphp: Slot [14] registered
[    0.276061] acpiphp: Slot [15] registered
[    0.276533] acpiphp: Slot [16] registered
[    0.277040] acpiphp: Slot [17] registered
[    0.277532] acpiphp: Slot [18] registered
[    0.278043] acpiphp: Slot [19] registered
[    0.278532] acpiphp: Slot [20] registered
[    0.279045] acpiphp: Slot [21] registered
[    0.279543] acpiphp: Slot [22] registered
[    0.280064] acpiphp: Slot [23] registered
[    0.280534] acpiphp: Slot [24] registered
[    0.281057] acpiphp: Slot [25] registered
[    0.281533] acpiphp: Slot [26] registered
[    0.282040] acpiphp: Slot [27] registered
[    0.282534] acpiphp: Slot [28] registered
[    0.283054] acpiphp: Slot [29] registered
[    0.283532] acpiphp: Slot [30] registered
[    0.284051] acpiphp: Slot [31] registered
[    0.284527] PCI host bridge to bus 0000:00
[    0.285046] pci_bus 0000:00: root bus resource [io  0x0000-0x0cf7 window]
[    0.285518] pci_bus 0000:00: root bus resource [io  0x0d00-0xffff window]
[    0.286361] pci_bus 0000:00: root bus resource [mem 0x000a0000-0x000bffff window]
[    0.286518] pci_bus 0000:00: root bus resource [mem 0x20000000-0xfebfffff window]
[    0.287458] pci_bus 0000:00: root bus resource [mem 0x100000000-0x17fffffff window]
[    0.287518] pci_bus 0000:00: root bus resource [bus 00-ff]
[    0.288340] pci 0000:00:00.0: [8086:1237] type 00 class 0x060000
[    0.288833] pci 0000:00:01.0: [8086:7000] type 00 class 0x060100
[    0.289932] pci 0000:00:01.1: [8086:7010] type 00 class 0x010180
[    0.292518] pci 0000:00:01.1: reg 0x20: [io  0xc080-0xc08f]
[    0.294003] pci 0000:00:01.1: legacy IDE quirk: reg 0x10: [io  0x01f0-0x01f7]
[    0.294518] pci 0000:00:01.1: legacy IDE quirk: reg 0x14: [io  0x03f6]
[    0.295323] pci 0000:00:01.1: legacy IDE quirk: reg 0x18: [io  0x0170-0x0177]
[    0.295518] pci 0000:00:01.1: legacy IDE quirk: reg 0x1c: [io  0x0376]
[    0.296647] pci 0000:00:01.3: [8086:7113] type 00 class 0x068000
[    0.297709] pci 0000:00:01.3: quirk: [io  0x0600-0x063f] claimed by PIIX4 ACPI
[    0.298524] pci 0000:00:01.3: quirk: [io  0x0700-0x070f] claimed by PIIX4 SMB
[    0.299619] pci 0000:00:02.0: [1af4:1009] type 00 class 0x000200
[    0.300888] pci 0000:00:02.0: reg 0x10: [io  0xc000-0xc03f]
[    0.302160] pci 0000:00:02.0: reg 0x14: [mem 0xfebfe000-0xfebfefff]
[    0.305153] pci 0000:00:02.0: reg 0x20: [mem 0xfebf4000-0xfebf7fff 64bit pref]
[    0.306904] pci 0000:00:03.0: [1af4:1009] type 00 class 0x000200
[    0.308159] pci 0000:00:03.0: reg 0x10: [io  0xc040-0xc07f]
[    0.309101] pci 0000:00:03.0: reg 0x14: [mem 0xfebff000-0xfebfffff]
[    0.312128] pci 0000:00:03.0: reg 0x20: [mem 0xfebf8000-0xfebfbfff 64bit pref]
[    0.314823] ACPI: PCI: Interrupt link LNKA configured for IRQ 10
[    0.315630] ACPI: PCI: Interrupt link LNKB configured for IRQ 10
[    0.316459] ACPI: PCI: Interrupt link LNKC configured for IRQ 11
[    0.316603] ACPI: PCI: Interrupt link LNKD configured for IRQ 11
[    0.317420] ACPI: PCI: Interrupt link LNKS configured for IRQ 9
[    0.317716] iommu: Default domain type: Translated
[    0.318315] iommu: DMA domain TLB invalidation policy: lazy mode
[    0.318548] ACPI: bus type USB registered
[    0.319081] usbcore: registered new interface driver usbfs
[    0.319524] usbcore: registered new interface driver hub
[    0.320178] usbcore: registered new device driver usb
[    0.320761] NetLabel: Initializing
[    0.321192] NetLabel:  domain hash size = 128
[    0.321518] NetLabel:  protocols = UNLABELED CIPSOv4 CALIPSO
[    0.322226] NetLabel:  unlabeled traffic allowed by default
[    0.322518] PCI: Using ACPI for IRQ routing
[    0.323141] vgaarb: loaded
[    0.323527] hpet0: at MMIO 0xfed00000, IRQs 2, 8, 0
[    0.324125] hpet0: 3 comparators, 64-bit 100.000000 MHz counter
[    0.328544] clocksource: Switched to clocksource kvm-clock
[    0.329931] VFS: Disk quotas dquot_6.6.0
[    0.330460] VFS: Dquot-cache hash table entries: 512 (order 0, 4096 bytes)
[    0.331360] pnp: PnP ACPI init
[    0.331963] pnp: PnP ACPI: found 6 devices
[    0.337754] clocksource: acpi_pm: mask: 0xffffff max_cycles: 0xffffff, max_idle_ns: 2085701024 ns
[    0.338902] NET: Registered PF_INET protocol family
[    0.339537] IP idents hash table entries: 8192 (order: 4, 65536 bytes, linear)
[    0.340606] tcp_listen_portaddr_hash hash table entries: 256 (order: 0, 4096 bytes, linear)
[    0.341652] Table-perturb hash table entries: 65536 (order: 6, 262144 bytes, linear)
[    0.342627] TCP established hash table entries: 4096 (order: 3, 32768 bytes, linear)
[    0.343611] TCP bind hash table entries: 4096 (order: 5, 131072 bytes, linear)
[    0.344523] TCP: Hash tables configured (established 4096 bind 4096)
[    0.345321] MPTCP token hash table entries: 512 (order: 1, 12288 bytes, linear)
[    0.346247] UDP hash table entries: 256 (order: 1, 8192 bytes, linear)
[    0.347087] UDP-Lite hash table entries: 256 (order: 1, 8192 bytes, linear)
[    0.347978] NET: Registered PF_UNIX/PF_LOCAL protocol family
[    0.348718] NET: Registered PF_XDP protocol family
[    0.349334] pci_bus 0000:00: resource 4 [io  0x0000-0x0cf7 window]
[    0.350117] pci_bus 0000:00: resource 5 [io  0x0d00-0xffff window]
[    0.350889] pci_bus 0000:00: resource 6 [mem 0x000a0000-0x000bffff window]
[    0.351751] pci_bus 0000:00: resource 7 [mem 0x20000000-0xfebfffff window]
[    0.352614] pci_bus 0000:00: resource 8 [mem 0x100000000-0x17fffffff window]
[    0.353531] pci 0000:00:01.0: PIIX3: Enabling Passive Release
[    0.354254] pci 0000:00:00.0: Limiting direct PCI/PCI transfers
[    0.355034] PCI: CLS 0 bytes, default 64
[    0.355587] Trying to unpack rootfs image as initramfs...
[    0.358196] Freeing initrd memory: 1432K
[    0.358733] clocksource: tsc: mask: 0xffffffffffffffff max_cycles: 0x6d5818a734c, max_idle_ns: 881590694765 ns
[    0.360173] Initialise system trusted keyrings
[    0.360750] workingset: timestamp_bits=40 max_order=17 bucket_order=0
[    0.361590] zbud: loaded
[    0.367510] xor: automatically using best checksumming function   avx       
[    0.368418] Key type asymmetric registered
[    0.368933] Asymmetric key parser 'x509' registered
[    0.369604] Block layer SCSI generic (bsg) driver version 0.4 loaded (major 251)
[    0.370596] io scheduler mq-deadline registered
[    0.371253] io scheduler kyber registered
[    0.371906] Serial: 8250/16550 driver, 4 ports, IRQ sharing enabled
[    0.372840] 00:04: ttyS0 at I/O 0x3f8 (irq = 4, base_baud = 115200) is a 16550A
[    0.374023] Linux agpgart interface v0.103
[    0.374553] ACPI: bus type drm_connector registered
[    0.375582] usbcore: registered new interface driver usbserial_generic
[    0.376423] usbserial: USB Serial support registered for generic
[    0.377187] amd_pstate: the _CPC object is not present in SBIOS or ACPI disabled
[    0.378143] drop_monitor: Initializing network drop monitor service
[    0.379047] IPI shorthand broadcast: enabled
[    0.380626] sched_clock: Marking stable (299001419, 81279734)->(406922861, -26641708)
[    0.381686] registered taskstats version 1
[    0.382217] Loading compiled-in X.509 certificates
[    0.385038] Key type .fscrypt registered
[    0.385541] Key type fscrypt-provisioning registered
[    0.386898] Btrfs loaded, zoned=yes, fsverity=no
[    0.387545] PM:   Magic number: 1:366:84
[    0.388242] hid_bpf: error while preloading HID BPF dispatcher: -22
[    0.388247] RAS: Correctable Errors collector initialized.
[    0.389732] clk: Disabling unused clocks
[    0.390762] VFS: Cannot open root device "" or unknown-block(0,0): error -6
[    0.391410] Please append a correct "root=" boot option; here are the available partitions:
[    0.392160] List of all bdev filesystems:
[    0.392531]  btrfs
[    0.392531] 
[    0.392861] Kernel panic - not syncing: VFS: Unable to mount root fs on unknown-block(0,0)
[    0.393604] CPU: 0 PID: 1 Comm: swapper/0 Not tainted 6.6.41 #1-NixOS
[    0.394179] Hardware name: QEMU Standard PC (i440FX + PIIX, 1996), BIOS rel-1.16.3-0-ga6ed6b701f0a-prebuilt.qemu.org 04/01/2014
[    0.395190] Call Trace:
[    0.395414]  <TASK>
[    0.395613]  dump_stack_lvl+0x52/0x80
[    0.395945]  panic+0x185/0x340
[    0.396299]  mount_root_generic+0x1a7/0x310
[    0.396679]  prepare_namespace+0x68/0x280
[    0.397055]  kernel_init_freeable+0x2e7/0x340
[    0.397443]  ? __pfx_ignore_unknown_bootoption+0x10/0x10
[    0.397916]  ? __pfx_kernel_init+0x10/0x10
[    0.398318]  kernel_init+0x1e/0x1e0
[    0.398639]  ret_from_fork+0x4e/0x60
[    0.398960]  ? __pfx_kernel_init+0x10/0x10
[    0.399339]  ret_from_fork_asm+0x1b/0x30
[    0.399728]  </TASK>
[    0.400035] Kernel Offset: 0x2b600000 from 0xffffffff81000000 (relocation range: 0xffffffff80000000-0xffffffffbfffffff)
[    0.400977] ---[ end Kernel panic - not syncing: VFS: Unable to mount root fs on unknown-block(0,0) ]---
